// Jest Snapshot v1, https://goo.gl/fbAQLP

exports[`<Checkbox /> snapshot test should match the snapshot 1`] = `
<styled.div
  onClick={[Function]}
>
  <styled.label>
    Custom
  </styled.label>
  <styled.div>
    <styled.div />
  </styled.div>
</styled.div>
`;
