// Jest Snapshot v1, https://goo.gl/fbAQLP

exports[`<Countdown /> snapshot test should match the snapshot 1`] = `
<styled.div
  key="3"
>
  3
</styled.div>
`;
